<?xml version="1.0" encoding="utf-8" ?>
<!DOCTYPE html PUBLIC "-//W3C//DTD XHTML 1.0 Transitional//EN" "https://www.w3.org/TR/xhtml1/DTD/xhtml1-transitional.dtd">
<!--  This file is generated by Nim. -->
<html xmlns="https://www.w3.org/1999/xhtml" xml:lang="en" lang="en" data-theme="auto">
<head>
<meta http-equiv="Content-Type" content="text/html; charset=utf-8" />
<meta name="viewport" content="width=device-width, initial-scale=1.0">
<title>nimdoc/extlinks/project/main</title>

<!-- Google fonts -->
<link href='https://fonts.googleapis.com/css?family=Lato:400,600,900' rel='stylesheet' type='text/css'/>
<link href='https://fonts.googleapis.com/css?family=Source+Code+Pro:400,500,600' rel='stylesheet' type='text/css'/>

<!-- Favicon -->
<link rel="shortcut icon" href="data:image/x-icon;base64,AAABAAEAEBAAAAEAIABoBAAAFgAAACgAAAAQAAAAIAAAAAEAIAAAAAAAAAAAAAAAAAAAAAAAAAAAAAAAAAD///8A////AP///wD///8A////AP///wD///8A////AP///wD///8A////AP///wD///8A////AP///wD///8A////AP///wD///8A////AP///wD///8A////AAAAAAUAAAAF////AP///wD///8A////AP///wD///8A////AP///wD///8A////AAAAAAIAAABbAAAAlQAAAKIAAACbAAAAmwAAAKIAAACVAAAAWwAAAAL///8A////AP///wD///8A////AAAAABQAAADAAAAAYwAAAA3///8A////AP///wD///8AAAAADQAAAGMAAADAAAAAFP///wD///8A////AP///wAAAACdAAAAOv///wD///8A////AP///wD///8A////AP///wD///8AAAAAOgAAAJ3///8A////AP///wAAAAAnAAAAcP///wAAAAAoAAAASv///wD///8A////AP///wAAAABKAAAAKP///wAAAABwAAAAJ////wD///8AAAAAgQAAABwAAACIAAAAkAAAAJMAAACtAAAAFQAAABUAAACtAAAAkwAAAJAAAACIAAAAHAAAAIH///8A////AAAAAKQAAACrAAAAaP///wD///8AAAAARQAAANIAAADSAAAARf///wD///8AAAAAaAAAAKsAAACk////AAAAADMAAACcAAAAnQAAABj///8A////AP///wAAAAAYAAAAGP///wD///8A////AAAAABgAAACdAAAAnAAAADMAAAB1AAAAwwAAAP8AAADpAAAAsQAAAE4AAAAb////AP///wAAAAAbAAAATgAAALEAAADpAAAA/wAAAMMAAAB1AAAAtwAAAOkAAAD/AAAA/wAAAP8AAADvAAAA3gAAAN4AAADeAAAA3gAAAO8AAAD/AAAA/wAAAP8AAADpAAAAtwAAAGUAAAA/AAAA3wAAAP8AAAD/AAAA/wAAAP8AAAD/AAAA/wAAAP8AAAD/AAAA/wAAAP8AAADfAAAAPwAAAGX///8A////AAAAAEgAAADtAAAAvwAAAL0AAADGAAAA7wAAAO8AAADGAAAAvQAAAL8AAADtAAAASP///wD///8A////AP///wD///8AAAAAO////wD///8A////AAAAAIcAAACH////AP///wD///8AAAAAO////wD///8A////AP///wD///8A////AP///wD///8A////AP///wD///8A////AP///wD///8A////AP///wD///8A////AP///wD///8A////AP///wD///8A////AP///wD///8A////AP///wD///8A////AP///wD///8A////AP///wD///8A//8AAP//AAD4HwAA7/cAAN/7AAD//wAAoYUAAJ55AACf+QAAh+EAAAAAAADAAwAA4AcAAP5/AAD//wAA//8AAA=="/>
<link rel="icon" type="image/png" sizes="32x32" href="data:image/png;base64,iVBORw0KGgoAAAANSUhEUgAAACAAAAAgCAYAAABzenr0AAAABmJLR0QA/wD/AP+gvaeTAAAACXBIWXMAAA3XAAAN1wFCKJt4AAAAB3RJTUUH4QQQEwksSS9ZWwAAAk1JREFUWMPtll2ITVEUx39nn/O7Y5qR8f05wtCUUr6ZIS++8pEnkZInPImneaCQ5METNdOkeFBKUhMPRIkHKfEuUZSUlGlKPN2TrgfncpvmnntnmlEyq1Z7t89/rf9a6+y99oZxGZf/XeIq61EdtgKXgdXA0xrYAvBjOIF1AI9zvjcC74BSpndrJPkBWDScTF8Aa4E3wDlgHbASaANmVqlcCnwHvgDvgVfAJ+AikAAvgfVZwLnSVZHZaOuKoQi3ZOMi4NkYkpe1p4J7A8BpYAD49hfIy/oqG0+hLomiKP2L5L+1ubn5115S+3OAn4EnwBlgMzCjyt6ZAnQCJ4A7wOs88iRJHvw50HoujuPBoCKwHWiosy8MdfZnAdcHk8dxXFJ3VQbQlCTJvRBCGdRbD4M6uc5glpY3eAihpN5S5w12diSEcCCEcKUO4ljdr15T76ur1FDDLIQQ3qv71EdDOe3Kxj3leRXyk+pxdWnFWod6Wt2bY3de3aSuUHcPBVimHs7mK9WrmeOF6lR1o9qnzskh2ar2qm1qizpfXaPeVGdlmGN5pb09qMxz1Xb1kLqgzn1RyH7JUXW52lr5e/Kqi9qpto7V1atuUzfnARrV7jEib1T76gG2qxdGmXyiekkt1GswPTtek0aBfJp6YySGBfWg2tPQ0FAYgf1stUfdmdcjarbYJEniKIq6gY/Aw+zWHAC+p2labGpqiorFYgGYCEzN7oQdQClN07O1/EfDyGgC0ALMBdYAi4FyK+4H3gLPsxfR1zRNi+NP7nH5J+QntnXe5B5mpfQAAAAASUVORK5CYII=">

<!-- CSS -->
<link rel="stylesheet" type="text/css" href="nimdoc.out.css">

<!-- JS -->
<script type="text/javascript" src="dochack.js"></script>

</head>
<body>
  <div class="document" id="documentId">
    <div class="container">
      <h1 class="title">nimdoc/extlinks/project/main</h1>
      <div class="row">
  <div class="three columns">
    <div class="theme-select-wrapper">
      <label for="theme-select">Theme:&nbsp;</label>
      <select id="theme-select" onchange="setTheme(this.value)">
        <option value="auto">ðŸŒ— Match OS</option>
        <option value="dark">ðŸŒ‘ Dark</option>
        <option value="light">ðŸŒ• Light</option>
      </select>
    </div>
    <div id="global-links">
      <ul class="simple">
        <li><a id="indexLink" href="theindex.html">Index</a></li>
      </ul>
    </div>
    <div id="searchInputDiv">
      Search: <input type="search" id="searchInput" oninput="search()"/>
    </div>
    <div>
      Group by:
      <select onchange="groupBy(this.value)">
        <option value="section">Section</option>
        <option value="type">Type</option>
      </select>
    </div>
    <ul class="simple simple-toc" id="toc-list">
  <li><a class="reference" id="my-heading_toc" href="#my-heading">my heading</a></li>
<li>
  <a class="reference reference-toplevel" href="#6" id="56">Imports</a>
</li>
<li>
  <details open>
    <summary><a class="reference reference-toplevel" href="#7" id="57">Types</a></summary>
    <ul class="simple simple-toc-section">
      <li><a class="reference" href="#A" title="A = object">A</a></li>

    </ul>
  </details>
</li>
<li>
  <details open>
    <summary><a class="reference reference-toplevel" href="#12" id="62">Procs</a></summary>
    <ul class="simple simple-toc-section">
      <ul class="simple nested-toc-section">mainfunction
  <li><a class="reference" href="#mainfunction" title="mainfunction(): int">mainfunction(): int</a></li>

</ul>

    </ul>
  </details>
</li>

</ul>

  </div>
  <div class="nine columns" id="content">
    
    <div id="tocRoot"></div>
    
    <p class="module-desc">
<h1><a class="toc-backref" id="my-heading" href="#my-heading">my heading</a></h1><p>See also <a class="reference external" href="_._/util.html">module nimdoc/extlinks/util</a> or <a class="reference external" href="sub/submodule.html">nimdoc/extlinks/project/sub/submodule module</a>.</p>
<p>Ref. <a class="reference external" href="sub/submodule.html#&lt;/a&gt;,int,int">submodule: `&lt;/a&gt;` proc</a>.</p>
<p>Ref. <a class="reference external" href="doc/manual.html#first-section">Nothing User Manual: First section</a> or <a class="reference external" href="doc/manual.html#second-section-amp">Nothing User Manual: Second section &amp;</a> from <a class="reference external" href="doc/manual.html">Nothing User Manual</a>.</p>
</p>
    <div class="section" id="6">
  <h1><a class="toc-backref" href="#6">Imports</a></h1>
  <dl class="item">
    <a class="reference external" href="_._/util.html">../util</a>, <a class="reference external" href="sub/submodule.html">sub/submodule</a>
  </dl>
</div>
<div class="section" id="7">
  <h1><a class="toc-backref" href="#7">Types</a></h1>
  <dl class="item">
    <div id="A">
  <dt><pre><a href="main.html#A"><span class="Identifier">A</span></a> <span class="Other">=</span> <span class="Keyword">object</span></pre></dt>
  <dd>
    
    
    
  </dd>
</div>

  </dl>
</div>
<div class="section" id="12">
  <h1><a class="toc-backref" href="#12">Procs</a></h1>
  <dl class="item">
    <div id="mainfunction-procs-all">
  <div id="mainfunction">
  <dt><pre><span class="Keyword">proc</span> <a href="#mainfunction"><span class="Identifier">mainfunction</span></a><span class="Other">(</span><span class="Other">)</span><span class="Other">:</span> <span class="Identifier">int</span> {.<span><span class="Other pragmadots">...</span></span><span class="pragmawrap"><span class="Identifier">raises</span><span class="Other">:</span> <span class="Other">[</span><span class="Other">]</span><span class="Other">,</span> <span class="Identifier">tags</span><span class="Other">:</span> <span class="Other">[</span><span class="Other">]</span><span class="Other">,</span> <span class="Identifier">forbids</span><span class="Other">:</span> <span class="Other">[</span><span class="Other">]</span></span>.}</pre></dt>
  <dd>
    
    
    
  </dd>
</div>

</div>

  </dl>
</div>

  </div>
</div>

      <div class="twelve-columns footer">
        <span class="nim-sprite"></span>
        <br>
        <small style="color: var(--hint);">Made with Nim. Generated: 1970-01-02 03:46:40 UTC</small>
      </div>
    </div>
  </div>
  
</body>
</html>
